<!DOCTYPE html>
<html lang="en">
<head>
	<meta charset="utf-8">
	<meta name="viewport" content="width=device-width, initial-scale=1">
	<title>XHOTEL</title>
	<link rel="icon" type="icon" href="/golden/images/ic_launcher-playstore.png">
	<link rel="stylesheet" type="text/css" href="css/bootstrap.min.css">
	<link rel="stylesheet" type="text/css" href="css/animate.css">
	<link rel="stylesheet" type="text/css" href="css/lightbox.min.css">
	<link rel="stylesheet" type="text/css" href="style.css">
</head>
<body>
	<div class="loader-container">
        <div class="loader"></div>
	</div>
	
	<div class="go_top" id="top">
		<div></div>
		<ul>
			<li><i class="fas fa-arrow-alt-circle-up"></i></li>
			<li><p>ДЭЭШ</p></li>
		</ul>
	</div>

	<header id="home">
		<div class="alc">
			<div id="menu" class="menu_bar">
				<div class="container">
					<div class="row">
						<div class="col-3">
							<div class="logo">
								<a href="#"><h2>XHOTEL</h2></a>
							</div>
						</div>
						<div class="col-9">
							<div class="menu_icon_pos" id="menu_ico">
								<div class="menu_icon">
									<div class="bar1"></div>
									<div class="bar2"></div>
									<div class="bar3"></div>
								</div>
							</div>
							<div class="menu">
								<ul class="nav justify-content-end" id="nav">
									<li><a class="current" href="#home">НҮҮР</a></li>
									<li><a href="#portfolio">ӨРӨӨНЫ МЭДЭЭЛЭЛ</a></li>
									<li><a href="#about">БИДНИЙ ТУХАЙ</a></li>
									<li><a href="#team">ЦАГИЙН ХУВААРЬ</a></li>
									<li><a href="#contact">ХҮСЭЛТ</a></li>
								</ul>
							</div>
						</div>
					</div>
				</div>
			</div>
		</div>
	</header>

	<div class="head_item header">
		<div class="head_bg"></div>
		<div class="container">
			<div class="top_tag">
				<p>XHOTEL-д тавтай морил!</p>
				<h1>It’s nice to Meet you</h1>	
				<a href="#service">
					<button class="button"><text>App татах</text></button>
				</a>
			</div>
		</div>
		</div>

	<section id="portfolio">
		<div class="container">
			<div class="sec_head">
				<h2>ӨРӨӨНИЙ МЭДЭЭЛЭЛ</h2>
				<p>Одоохондоо өрөөний мэдээлэл авах боломжтой захилгыг android app дээрээс захиална уу. </p>
			</div>

			<div class="button-group filter-button-group portfolio_btn">
				<button class="is-checked" data-filter="*">Бүгдийг харах</button>
				<button data-filter=".Branding">Энгийн өрөө</button>
				<button data-filter=".print">VIP өрөө</button>
				<button data-filter=".mockUp">VIP 1 хүний өрөө</button>
				<button data-filter=".design">VIP 2 хүний өрөө</button>
			</div>

			<div class="row grid justify-content-between porfolio">
				<div class="col-lg-4 col-md-6 col-sm-12 grid-item Branding">
					<div class="prfl">
						<div class="img_pos">
							<a href="img/p1.jpg" data-lightbox=”gallery”>
								<img src="img/p1.jpg" alt="">
							</a>
						</div>
						<div class="prf_des">
							<h4>WIFI үнэгүй</h4>
							<p>Хүний тоо: 4</p>
							<p>Өрөө: 2</p>
							<p>Ор: 2</p>
							<p>90000₮</p>
						</div>
					</div>
				</div>

				<div class="col-lg-4 col-md-6 col-sm-12 grid-item print">
					<div class="prfl">
						<div class="img_pos">
							<a href="img/p1.jpg" data-lightbox=”gallery”>
								<img src="img/p1.jpg" alt="">
							</a>
						</div>
						<div class="prf_des">
							<h4>WIFI үнэгүй</h4>
							<p>Хүний тоо: 4</p>
							<p>Өрөө: 2</p>
							<p>Ор: 2</p>
							<p>90000₮</p>
						</div>
					</div>
				</div>

				<div class="col-lg-4 col-md-6 col-sm-12 grid-item print">
					<div class="prfl">
						<div class="img_pos">
							<a href="img/p1.jpg" data-lightbox=”gallery”>
								<img src="img/p1.jpg" alt="">
							</a>
						</div>
						<div class="prf_des">
							<h4>WIFI үнэгүй</h4>
							<p>Хүний тоо: 4</p>
							<p>Өрөө: 2</p>
							<p>Ор: 2</p>
							<p>90000₮</p>
						</div>
					</div>
				</div>

				<div class="col-lg-4 col-md-6 col-sm-12 grid-item mockUp">
					<div class="prfl">
						<div class="img_pos">
							<a href="img/p1.jpg" data-lightbox=”gallery”>
								<img src="img/p1.jpg" alt="">
							</a>
						</div>
						<div class="prf_des">
							<h4>WIFI үнэгүй</h4>
							<p>Хүний тоо: 4</p>
							<p>Өрөө: 2</p>
							<p>Ор: 2</p>
							<p>90000₮</p>
						</div>
					</div>
				</div>

				<div class="col-lg-4 col-md-6 col-sm-12 grid-item design">
					<div class="prfl">
						<div class="img_pos">
							<a href="img/p1.jpg" data-lightbox=”gallery”>
								<img src="img/p1.jpg" alt="">
							</a>
						</div>
						<div class="prf_des">
							<h4>WIFI үнэгүй</h4>
							<p>Хүний тоо: 4</p>
							<p>Өрөө: 2</p>
							<p>Ор: 2</p>
							<p>90000₮</p>
						</div>
					</div>
				</div>

				<div class="col-lg-4 col-md-6 col-sm-12 grid-item Branding">
					<div class="prfl">
						<div class="img_pos">
							<a href="img/p1.jpg" data-lightbox=”gallery”>
								<img src="img/p1.jpg" alt="">
							</a>
						</div>
						<div class="prf_des">
							<h4>WIFI үнэгүй</h4>
							<p>Хүний тоо: 4</p>
							<p>Өрөө: 2</p>
							<p>Ор: 2</p>
							<p>90000₮</p>
						</div>
					</div>
				</div>
			</div>
		</div>
	</section>

	<section id="about" class="about">
		<class="container">
			<div class="sec_head">
				<h2>БИДНИЙ ТУХАЙ</h2>
				<p>2003 онд байгуулагдсан. </p>
			</div>

			<div class="about_con">
				<div class="about_text ab_left">
					<div class="ab_img ab_l">
						<img src="img/p1.jpg" alt="">
					</div>
					<div class="wow animate__fadeInLeft" data-wow-duration="2s">
						<h4>
							2010 онд<br>
							Тийм тийм юм авсан
						</h4>
						<p>
							хриошршүхшганмри шхүгшанмриошүо хгашхриошрүкзршүхг анхмриоүзршүхгр үхгиоүозршх ршүироүкрзшүхир ршүиотүкзүрзши.
						</p>
					</div>
				</div>

				<div class="about_text ab_right">
					<div class="ab_img ab_r">
						<img src="img/p1.jpg" alt="">
					</div>
					<div class="wow animate__fadeInRight" data-wow-duration="2s">
						<h4>
							2011 онд<br>
							Тийм тийм юм авсан

						</h4>
						<p>
							хриошршүхшганмри шхүгшанмриошүо хгашхриошрүкзршүхг анхмриоүзршүхгр үхгиоүозршх ршүироүкрзшүхир ршүиотүкзүрзши.
						</p>
					</div>
				</div>


				<div class="about_text ab_left">
					<div class="ab_img ab_l">
						<img src="img/p1.jpg" alt="">
					</div>
					<div class="wow animate__fadeInLeft" data-wow-duration="2s">
						<h4>
							2013 онд<br>
							Тийм тийм юм авсан

						</h4>
						<p>
							хриошршүхшганмри шхүгшанмриошүо хгашхриошрүкзршүхг анхмриоүзршүхгр үхгиоүозршх ршүироүкрзшүхир ршүиотүкзүрзши.
						</p>
					</div>
				</div>

				<div class="about_text ab_right">
					<div class="ab_img ab_r">
						<img src="img/p1.jpg" alt="">
					</div>
					<div class="wow animate__fadeInRight" data-wow-duration="2s">
						<h4>
							2011 онд<br>
							Тийм тийм юм авсан

						</h4>
						<p>
							хриошршүхшганмри шхүгшанмриошүо хгашхриошрүкзршүхг анхмриоүзршүхгр үхгиоүозршх ршүироүкрзшүхир ршүиотүкзүрзши.
						</p>
					</div>
				</div>
			</div>
			<div class="ab_btn">
				<a href="#">
					<button>Бидний<br> түүх<br> үргэлжилсээр<br> ...</button>
				</a>
			</div>
		</div>
	</section>

	<section id="team">
		<div class="container">
			<div class="sec_head">
				<h2>ЦАГИЙН ХУВААРЬ</h2>
				<p>БИД 24 цаг ажиллаж байна. </p>
			</div>
			<div class="team_img">
				
				<div class="team_con">
					<a href="/golden/images/ic_launcher-playstore.png" data-lightbox=”tean”>
						<img src="/golden/images/ic_launcher-playstore.png" alt="">
					</a>
					
					<div class="team_des">
						<h4>БАЙРШИЛ</h4>
						<p>тэрны тэрны тэнд</p>
					</div>
				</div>
			</div>
		</div>
	</section>

	<section id="contact" class="contact">
		<div class="c_over">
			<div class="container">
				<div class="sec_head">
					<h2>ХҮСЭЛТ</h2>
					<p>Та санал хүсэлт илгээх боломжтой. </p>
				</div>

				<form>
					<div class="c_form">
						<div class="c_input" >
							<input class="m_b" type="text" placeholder="Таны нэр">
							<input class="m_b wow animate__fadeInLeft" data-wow-duration="1s" type="text" placeholder="Таны имэйл">
							<input type="text" class="wow animate__fadeInLeft" data-wow-duration="2s" data-wow-duration="2s" placeholder="subject">
						</div>
						<div class="c_textarea wow animate__fadeInRight" data-wow-duration="3s">
							<textarea placeholder="Тайлбал"></textarea>
						</div>
					</div>
					<div class="c_btn">
						<a href="#">
							<button class="button"><text>ИЛГЭЭХ</text></button>
						</a>
					</div>
					<div id="map"></div>
				</form>
			</div>
		</div>
	</section>

	<footer>
		<div class="container">
			<div class="row ftr" data-aos="new-animation">
				<div class="col-sm-5">
					<p>© Copyright 2020 <a href="http://nazara.rf.gd" target="_blank"> XHOTEL</a></p>
				</div>
				<div class="col-sm-7">
					<div class="social_ico">
						<ul>
							<a href="https://web.facebook.com/simanto.saikat.1/" target="_blank">
								<li><i class="fab fa-facebook-f"></i></li>
							</a>
							<a href="https://twitter.com/Simantosaikat01" target="_blank">
								<li><i class="fab fa-twitter"></i></li>
							</a>
							<a href="https://www.instagram.com/simanto.saikat234/" target="_blank">
								<li><i class="fab fa-instagram"></i></li>
							</a>
						</ul>
					</div>
				</div>
			</div>
		</div>
	</footer>

	<script src="https://kit.fontawesome.com/f70f4c2534.js" crossorigin="anonymous"></script>
	<script type="text/javascript" src="js/jquery-3.5.1.min.js"></script>
	<script type="text/javascript" src="js/isotope.pkgd.min.js"></script>
	<script type="text/javascript" src="js/wow.min.js"></script>
	<script type="text/javascript" src="js/lightbox.min.js"></script>
	<script type="text/javascript" src="js/jquery.nav.js"></script>
	<script type="text/javascript" src="js/page_js.js"></script>
</body>
</html>